---
source: crates/tytanic/src/ui.rs
expression: str
---
[0m[1m[0m  [0m[1mHello

[0m  [0m[1mWorld
