---
source: crates/tytanic/src/ui.rs
expression: str
---
Hello

  World
